// Jest Snapshot v1, https://goo.gl/fbAQLP

exports[`Testing <CoffeeItem/> Testing snap & state CoffeeItem has rendered correctly 1`] = `
ReactWrapper {
  Symbol(enzyme.__unrendered__): <Row
    tag="div"
  >
    onCoffeeLoaded=
    [Function]
  </Row>,
  Symbol(enzyme.__renderer__): Object {
    "batchedUpdates": [Function],
    "getNode": [Function],
    "render": [Function],
    "simulateError": [Function],
    "simulateEvent": [Function],
    "unmount": [Function],
  },
  Symbol(enzyme.__root__): [Circular],
  Symbol(enzyme.__node__): Object {
    "instance": null,
    "key": undefined,
    "nodeType": "function",
    "props": Object {
      "children": Array [
        "onCoffeeLoaded=",
        [Function],
      ],
      "tag": "div",
    },
    "ref": null,
    "rendered": Object {
      "instance": <div
        class="row"
      >
        onCoffeeLoaded=
      </div>,
      "key": undefined,
      "nodeType": "host",
      "props": Object {
        "children": Array [
          "onCoffeeLoaded=",
          [Function],
        ],
        "className": "row",
      },
      "ref": null,
      "rendered": Array [
        "onCoffeeLoaded=",
      ],
      "type": "div",
    },
    "type": [Function],
  },
  Symbol(enzyme.__nodes__): Array [
    Object {
      "instance": null,
      "key": undefined,
      "nodeType": "function",
      "props": Object {
        "children": Array [
          "onCoffeeLoaded=",
          [Function],
        ],
        "tag": "div",
      },
      "ref": null,
      "rendered": Object {
        "instance": <div
          class="row"
        >
          onCoffeeLoaded=
        </div>,
        "key": undefined,
        "nodeType": "host",
        "props": Object {
          "children": Array [
            "onCoffeeLoaded=",
            [Function],
          ],
          "className": "row",
        },
        "ref": null,
        "rendered": Array [
          "onCoffeeLoaded=",
        ],
        "type": "div",
      },
      "type": [Function],
    },
  ],
  Symbol(enzyme.__options__): Object {
    "adapter": ReactSixteenAdapter {
      "options": Object {
        "enableComponentDidUpdateOnSetState": true,
        "legacyContextMode": "parent",
        "lifecycles": Object {
          "componentDidUpdate": Object {
            "onSetState": true,
          },
          "getChildContext": Object {
            "calledByRenderer": false,
          },
          "getDerivedStateFromProps": true,
          "getSnapshotBeforeUpdate": true,
          "setState": Object {
            "skipsComponentDidUpdateOnNullish": true,
          },
        },
      },
    },
  },
}
`;
